Microchip MPLAB XC8 Compiler V2.45

Linker command line:

-W-3 \
  --edf=C:\Program Files\Microchip\xc8\v2.45\pic\dat\20230818022343_en.msgs \
  -cn -h+dist/default/production\MPLABXProjects.production.sym \
  --cmf=dist/default/production\MPLABXProjects.production.cmf -z -Q18F4620 \
  -oC:\Users\MARWAA~1\AppData\Local\Temp\xcAsu6o.\driver_tmp_3.o \
  --defsym=__MPLAB_BUILD=1 --fixupoverflow=error \
  -Mdist/default/production/MPLABXProjects.production.map \
  --md=C:\Users\MARWAA~1\AppData\Local\Temp\xcAsu6o.\driver_tmp_0.dat -E1 \
  -ver=XC8 Compiler --acfsm=1493 -ACODE=00h-0FFFFh -ACONST=00h-0FFFFh \
  -ASMALLCONST=01000h-010FFhx240 -AMEDIUMCONST=01000h-0FFFFh \
  -ACOMRAM=01h-07Fh -AABS1=00h-0F7Fh -ABIGRAM=01h-0F7Fh \
  -ARAM=080h-0FFh,0100h-01FFhx14,0F00h-0F7Fh -ABANK0=080h-0FFh \
  -ABANK1=0100h-01FFh -ABANK2=0200h-02FFh -ABANK3=0300h-03FFh \
  -ABANK4=0400h-04FFh -ABANK5=0500h-05FFh -ABANK6=0600h-06FFh \
  -ABANK7=0700h-07FFh -ABANK8=0800h-08FFh -ABANK9=0900h-09FFh \
  -ABANK10=0A00h-0AFFh -ABANK11=0B00h-0BFFh -ABANK12=0C00h-0CFFh \
  -ABANK13=0D00h-0DFFh -ABANK14=0E00h-0EFFh -ABANK15=0F00h-0F7Fh \
  -ASFR=0F80h-0FFFh -ABIGSFR=0F80h-0FFFh -ACONFIG=0300000h-030000Dh \
  -AIDLOC=0200000h-0200007h -AEEDATA=0F00000h-0F003FFh -peeprom_data=EEDATA \
  -preset_vec=00h,intcode=08h,intcodelo,powerup,init -pramtop=01000h \
  -psmallconst=SMALLCONST -pmediumconst=MEDIUMCONST -pconst=CONST \
  -AFARRAM=00h-00h \
  -prdata=COMRAM,nvrram=COMRAM,nvbit=COMRAM,rbss=COMRAM,rbit=COMRAM \
  -pfarbss=FARRAM,fardata=FARRAM,nvFARRAM=FARRAM \
  -pintsave_regs=BIGRAM,bigbss=BIGRAM,bigdata=BIGRAM -pbss=RAM \
  -pidata=CODE,irdata=CODE,ibigdata=CODE,ifardata=CODE -prparam=COMRAM \
  C:\Users\MARWAA~1\AppData\Local\Temp\xcAsu6o.\driver_tmp_9.o \
  dist/default/production\MPLABXProjects.production.o 

Object code version is 3.11

Machine type is 18F4620



                Name                               Link     Load   Length Selector   Space Scale
C:\Users\MARWAA~1\AppData\Local\Temp\xcAsu6o.\driver_tmp_9.o
                idloc                            200000   200000        8        0       5
                config                           300000   300000        E        0       4
                init                                  E        E        4        4       0
                reset_vec                             0        0        4        0       0
dist/default/production\MPLABXProjects.production.o
                intcode                               8        8        6        4       0
                idloc                            200000   200000        8        0       5
                config                           300000   300000        E        0       4
                temp                                 6F       6F        1        1       1
                smallconst                         1000     1000       16      800       0
                text31                             1EF4     1EF4        4      F6E       0
                text30                             1EF0     1EF0        4      F6E       0
                text29                             1EEC     1EEC        4      F6E       0
                text28                             1EE8     1EE8        4      F6E       0
                text27                             1EAA     1EAA       1A      EE6       0
                text26                             1E90     1E90       1A      EE6       0
                text25                             1E76     1E76       1A      EE6       0
                text24                             1E5C     1E5C       1A      EE6       0
                text23                             184E     184E       8C      80B       0
                text22                             1A5E     1A5E       74      80B       0
                text21                             1E38     1E38       24      EE6       0
                text20                             1D3C     1D3C       36      80B       0
                text19                             1E14     1E14       24      EE6       0
                text18                             1D06     1D06       36      80B       0
                text17                             1DF0     1DF0       24      EE6       0
                text16                             1D72     1D72       32      80B       0
                text15                             1DCC     1DCC       24      EE6       0
                text14                             1CD0     1CD0       36      80B       0
                intcode_body                       1016     1016      356      80B       0
                text12                             19E8     19E8       76      80B       0
                text11                             1BFA     1BFA       52      80B       0
                text10                             1C96     1C96       3A      80B       0
                text9                              1962     1962       86      80B       0
                text8                              136C     136C      16C      80B       0
                text7                              18DA     18DA       88      80B       0
                text6                              14D8     14D8      134      80B       0
                text5                              160C     160C      12C      80B       0
                text4                              1738     1738      116      80B       0
                text3                              1B40     1B40       64      80B       0
                text2                              1AD2     1AD2       6E      80B       0
                text1                              1C4C     1C4C       4A      80B       0
                text0                              1EDC     1EDC        C      F6E       0
                cstackCOMRAM                         5C       5C       13        1       1
                cstackBANK0                          97       97        B       80       1
                dataBANK0                            80       80       17       80       1
                dataCOMRAM                           35       35       27        1       1
                bssCOMRAM                             1        1       34        1       1
                cinit                              1BA4     1BA4       56      80B       0
                idataBANK0                         1EC4     1EC4       17      EE6       0
                idataCOMRAM                        1DA4     1DA4       27      80B       0

TOTAL           Name                               Link     Load   Length     Space
        CLASS   CODE           
                intcode                               8        8        6         0
                init                                  E        E        4         0
                reset_vec                             0        0        4         0
                text31                             1EF4     1EF4        4         0
                text30                             1EF0     1EF0        4         0
                text29                             1EEC     1EEC        4         0
                text28                             1EE8     1EE8        4         0
                text27                             1EAA     1EAA       1A         0
                text26                             1E90     1E90       1A         0
                text25                             1E76     1E76       1A         0
                text24                             1E5C     1E5C       1A         0
                text23                             184E     184E       8C         0
                text22                             1A5E     1A5E       74         0
                text21                             1E38     1E38       24         0
                text20                             1D3C     1D3C       36         0
                text19                             1E14     1E14       24         0
                text18                             1D06     1D06       36         0
                text17                             1DF0     1DF0       24         0
                text16                             1D72     1D72       32         0
                text15                             1DCC     1DCC       24         0
                text14                             1CD0     1CD0       36         0
                intcode_body                       1016     1016      356         0
                text12                             19E8     19E8       76         0
                text11                             1BFA     1BFA       52         0
                text10                             1C96     1C96       3A         0
                text9                              1962     1962       86         0
                text8                              136C     136C      16C         0
                text7                              18DA     18DA       88         0
                text6                              14D8     14D8      134         0
                text5                              160C     160C      12C         0
                text4                              1738     1738      116         0
                text3                              1B40     1B40       64         0
                text2                              1AD2     1AD2       6E         0
                text1                              1C4C     1C4C       4A         0
                text0                              1EDC     1EDC        C         0
                cinit                              1BA4     1BA4       56         0
                idataBANK0                         1EC4     1EC4       17         0
                idataCOMRAM                        1DA4     1DA4       27         0

        CLASS   CONST          

        CLASS   SMALLCONST     
                smallconst                         1000     1000       16         0

        CLASS   MEDIUMCONST    

        CLASS   COMRAM         
                temp                                 6F       6F        1         1
                cstackCOMRAM                         5C       5C       13         1
                dataCOMRAM                           35       35       27         1
                bssCOMRAM                             1        1       34         1

        CLASS   ABS1           

        CLASS   BIGRAM         

        CLASS   RAM            

        CLASS   BANK0          
                cstackBANK0                          97       97        B         1
                dataBANK0                            80       80       17         1

        CLASS   BANK1          

        CLASS   BANK2          

        CLASS   BANK3          

        CLASS   BANK4          

        CLASS   BANK5          

        CLASS   BANK6          

        CLASS   BANK7          

        CLASS   BANK8          

        CLASS   BANK9          

        CLASS   BANK10         

        CLASS   BANK11         

        CLASS   BANK12         

        CLASS   BANK13         

        CLASS   BANK14         

        CLASS   BANK15         

        CLASS   SFR            

        CLASS   BIGSFR         

        CLASS   CONFIG         
                config                           300000   300000        E         4

        CLASS   IDLOC          
                idloc                            200000   200000        8         5

        CLASS   EEDATA         

        CLASS   FARRAM         

        CLASS   HEAP           

        CLASS   STACK          



SEGMENTS        Name                           Load    Length   Top    Selector   Space  Class

                reset_vec                      000000  000004  000004         0       0  CODE    
                bssCOMRAM                      000001  00006F  000070         1       1  COMRAM  
                intcode                        000008  00000A  000012         4       0  CODE    
                dataBANK0                      000080  000022  0000A2        80       1  BANK0   
                smallconst                     001000  000016  001016       800       0  SMALLCON
                intcode_body                   001016  000DB5  001DCB       80B       0  CODE    
                text15                         001DCC  00010F  001EDB       EE6       0  CODE    
                text0                          001EDC  00001C  001EF8       F6E       0  CODE    


UNUSED ADDRESS RANGES

        Name                Unused          Largest block    Delta
        BANK0            0000A2-0000FF               5E
        BANK1            000100-0001FF              100
        BANK10           000A00-000AFF              100
        BANK11           000B00-000BFF              100
        BANK12           000C00-000CFF              100
        BANK13           000D00-000DFF              100
        BANK14           000E00-000EFF              100
        BANK15           000F00-000F7F               80
        BANK2            000200-0002FF              100
        BANK3            000300-0003FF              100
        BANK4            000400-0004FF              100
        BANK5            000500-0005FF              100
        BANK6            000600-0006FF              100
        BANK7            000700-0007FF              100
        BANK8            000800-0008FF              100
        BANK9            000900-0009FF              100
        BIGRAM           000070-00007F               10
                         0000A2-000F7F              EDE
        BIGSFR           000F80-000FFF               80
        CODE             000004-000007                4
                         000012-000FFF              FEE
                         001DCB-001DCB                1
                         001EDB-001EDB                1
                         001EF8-00FFFF             E108
        COMRAM           000070-00007F               10
        CONST            000004-000007                4
                         000012-000FFF              FEE
                         001DCB-001DCB                1
                         001EDB-001EDB                1
                         001EF8-00FFFF             E108
        EEDATA           F00000-F003FF              400
        MEDIUMCONST      001DCB-001DCB                1
                         001EDB-001EDB                1
                         001EF8-00FFFF             E108
        RAM              0000A2-000F7F              100
        SFR              000F80-000FFF               80
        SMALLCONST       001DCB-001DCB                1
                         001EDB-001EDB                1
                         001EF8-00FFFF              100

                                  Symbol Table

RB4_ISR@state                               cstackCOMRAM 00005C
RB5_ISR@state                               cstackCOMRAM 00005C
RB6_ISR@state                               cstackCOMRAM 00005C
RB7_ISR@state                               cstackCOMRAM 00005C
TIMER0_Init@timer0_obj                      cstackCOMRAM 00006E
TIMER1_Init@tmr1_obj                        cstackCOMRAM 00006C
TIMER2_Init@tmr2_obj                        cstackCOMRAM 00006C
TIMER3_Init@tmr3_obj                        cstackCOMRAM 00006C
_ADCON0bits                                 (abs)        000FC2
_ADCON1bits                                 (abs)        000FC1
_ADCON2bits                                 (abs)        000FC0
_ADC_ISR                                    text31       001EF4
_ADC_Set_Interrupt_Handler                  bssCOMRAM    000025
_ADRESH                                     (abs)        000FC4
_ADRESL                                     (abs)        000FC3
_EEADR                                      (abs)        000FA9
_EEADRH                                     (abs)        000FAA
_EECON1bits                                 (abs)        000FA6
_EECON2                                     (abs)        000FA7
_EEDATA                                     (abs)        000FA8
_General_Interrupt_Manager                  intcode      000008
_INT0_ISR                                   text30       001EF0
_INT0_InterruptHandler                      bssCOMRAM    000023
_INT1_ISR                                   text29       001EEC
_INT1_InterruptHandler                      bssCOMRAM    000021
_INT2_ISR                                   text28       001EE8
_INT2_InterruptHandler                      bssCOMRAM    00001F
_INTCON2bits                                (abs)        000FF1
_INTCON3bits                                (abs)        000FF0
_INTCONbits                                 (abs)        000FF2
_LATA                                       (abs)        000F89
_LATB                                       (abs)        000F8A
_LATC                                       (abs)        000F8B
_LATD                                       (abs)        000F8C
_LATE                                       (abs)        000F8D
_PIE1bits                                   (abs)        000F9D
_PIE2bits                                   (abs)        000FA0
_PIR1bits                                   (abs)        000F9E
_PIR2bits                                   (abs)        000FA1
_PORTA                                      (abs)        000F80
_PORTB                                      (abs)        000F81
_PORTBbits                                  (abs)        000F81
_PORTC                                      (abs)        000F82
_PORTD                                      (abs)        000F83
_PORTE                                      (abs)        000F84
_RB4_Flag                                   dataCOMRAM   00004C
_RB4_High_InterruptHandler                  bssCOMRAM    00001D
_RB4_ISR                                    text27       001EAA
_RB4_Low_InterruptHandler                   bssCOMRAM    00001B
_RB5_Flag                                   dataCOMRAM   00004B
_RB5_High_InterruptHandler                  bssCOMRAM    000019
_RB5_ISR                                    text26       001E90
_RB5_Low_InterruptHandler                   bssCOMRAM    000017
_RB6_Flag                                   dataCOMRAM   00004A
_RB6_High_InterruptHandler                  bssCOMRAM    000015
_RB6_ISR                                    text25       001E76
_RB6_Low_InterruptHandler                   bssCOMRAM    000013
_RB7_Flag                                   dataCOMRAM   000049
_RB7_High_InterruptHandler                  bssCOMRAM    000011
_RB7_ISR                                    text24       001E5C
_RB7_Low_InterruptHandler                   bssCOMRAM    00000F
_T0CONbits                                  (abs)        000FD5
_T1CONbits                                  (abs)        000FCD
_T2CONbits                                  (abs)        000FCA
_T3CONbits                                  (abs)        000FB1
_TIMER0_ISR                                 text20       001D3C
_TIMER0_Init                                text9        001962
_TIMER0_Set_Interrupt_Handler               bssCOMRAM    00000B
_TIMER1_ISR                                 text18       001D06
_TIMER1_Init                                text8        00136C
_TIMER1_Set_Interrupt_Handler               bssCOMRAM    000007
_TIMER2_ISR                                 text16       001D72
_TIMER2_Init                                text7        0018DA
_TIMER2_Set_Interrupt_Handler               bssCOMRAM    000005
_TIMER3_ISR                                 text14       001CD0
_TIMER3_Init                                text6        0014D8
_TIMER3_Set_Interrupt_Handler               bssCOMRAM    000001
_TMR0H                                      (abs)        000FD7
_TMR0L                                      (abs)        000FD6
_TMR1H                                      (abs)        000FCF
_TMR1L                                      (abs)        000FCE
_TMR2                                       (abs)        000FCC
_TMR3H                                      (abs)        000FB3
_TMR3L                                      (abs)        000FB2
_TRISA                                      (abs)        000F92
_TRISB                                      (abs)        000F93
_TRISC                                      (abs)        000F94
_TRISD                                      (abs)        000F95
_TRISE                                      (abs)        000F96
__HRAM                                      (abs)        000000
__H__absolute__                             __absolute__ 000000
__Habs1                                     abs1         000000
__Hbank0                                    bank0        000000
__Hbank1                                    bank1        000000
__Hbank10                                   bank10       000000
__Hbank11                                   bank11       000000
__Hbank12                                   bank12       000000
__Hbank13                                   bank13       000000
__Hbank14                                   bank14       000000
__Hbank15                                   bank15       000000
__Hbank2                                    bank2        000000
__Hbank3                                    bank3        000000
__Hbank4                                    bank4        000000
__Hbank5                                    bank5        000000
__Hbank6                                    bank6        000000
__Hbank7                                    bank7        000000
__Hbank8                                    bank8        000000
__Hbank9                                    bank9        000000
__Hbigbss                                   bigbss       000000
__Hbigdata                                  bigdata      000000
__Hbigram                                   bigram       000000
__Hbigsfr                                   bigsfr       000000
__Hbss                                      bss          000000
__HbssCOMRAM                                bssCOMRAM    000000
__Hcinit                                    cinit        000000
__Hclrtext                                  clrtext      000000
__Hcomram                                   comram       000000
__Hconfig                                   config       30000E
__Hconst                                    const        000000
__HcstackBANK0                              cstackBANK0  000000
__HcstackCOMRAM                             cstackCOMRAM 000000
__Hdata                                     data         000000
__HdataBANK0                                dataBANK0    000000
__HdataCOMRAM                               dataCOMRAM   000000
__Heeprom_data                              eeprom_data  000000
__Hfarbss                                   farbss       000000
__Hfardata                                  fardata      000000
__Hheap                                     heap         000000
__Hibigdata                                 ibigdata     000000
__Hidata                                    idata        000000
__HidataBANK0                               idataBANK0   000000
__HidataCOMRAM                              idataCOMRAM  000000
__Hidloc                                    idloc        200008
__Hifardata                                 ifardata     000000
__Hinit                                     init         000012
__Hintcode                                  intcode      00000E
__Hintcode_body                             intcode_body 000000
__Hintcodelo                                intcodelo    00000E
__Hintentry                                 intentry     000000
__Hintret                                   intret       000000
__Hintsave_regs                             intsave_regs 000000
__Hirdata                                   irdata       000000
__Hmediumconst                              mediumconst  000000
__HnvFARRAM                                 nvFARRAM     000000
__Hnvbit                                    nvbit        000000
__Hnvrram                                   nvrram       000000
__Hparam                                    rparam       000000
__Hpowerup                                  powerup      00000E
__Hram                                      ram          000000
__Hramtop                                   ramtop       001000
__Hrbit                                     rbit         000000
__Hrbss                                     rbss         000000
__Hrdata                                    rdata        000000
__Hreset_vec                                reset_vec    000004
__Hrparam                                   rparam       000000
__Hsfr                                      sfr          000000
__Hsmallconst                               smallconst   001016
__Hspace_0                                  (abs)        001EF8
__Hspace_1                                  (abs)        0000A2
__Hspace_2                                  (abs)        000000
__Hspace_4                                  (abs)        60000E
__Hstack                                    stack        000000
__Hstruct                                   struct       000000
__Htemp                                     temp         000070
__Htext                                     text         000000
__Htext0                                    text0        000000
__Htext1                                    text1        000000
__Htext10                                   text10       000000
__Htext11                                   text11       000000
__Htext12                                   text12       000000
__Htext14                                   text14       000000
__Htext15                                   text15       000000
__Htext16                                   text16       000000
__Htext17                                   text17       000000
__Htext18                                   text18       000000
__Htext19                                   text19       000000
__Htext2                                    text2        000000
__Htext20                                   text20       000000
__Htext21                                   text21       000000
__Htext22                                   text22       000000
__Htext23                                   text23       000000
__Htext24                                   text24       000000
__Htext25                                   text25       000000
__Htext26                                   text26       000000
__Htext27                                   text27       000000
__Htext28                                   text28       000000
__Htext29                                   text29       000000
__Htext3                                    text3        000000
__Htext30                                   text30       000000
__Htext31                                   text31       000000
__Htext32                                   text32       000000
__Htext4                                    text4        000000
__Htext5                                    text5        000000
__Htext6                                    text6        000000
__Htext7                                    text7        000000
__Htext8                                    text8        000000
__Htext9                                    text9        000000
__LRAM                                      (abs)        000001
__L__absolute__                             __absolute__ 000000
__Labs1                                     abs1         000000
__Lbank0                                    bank0        000000
__Lbank1                                    bank1        000000
__Lbank10                                   bank10       000000
__Lbank11                                   bank11       000000
__Lbank12                                   bank12       000000
__Lbank13                                   bank13       000000
__Lbank14                                   bank14       000000
__Lbank15                                   bank15       000000
__Lbank2                                    bank2        000000
__Lbank3                                    bank3        000000
__Lbank4                                    bank4        000000
__Lbank5                                    bank5        000000
__Lbank6                                    bank6        000000
__Lbank7                                    bank7        000000
__Lbank8                                    bank8        000000
__Lbank9                                    bank9        000000
__Lbigbss                                   bigbss       000000
__Lbigdata                                  bigdata      000000
__Lbigram                                   bigram       000000
__Lbigsfr                                   bigsfr       000000
__Lbss                                      bss          000000
__LbssCOMRAM                                bssCOMRAM    000000
__Lcinit                                    cinit        000000
__Lclrtext                                  clrtext      000000
__Lcomram                                   comram       000000
__Lconfig                                   config       000000
__Lconst                                    const        000000
__LcstackBANK0                              cstackBANK0  000000
__LcstackCOMRAM                             cstackCOMRAM 000000
__Ldata                                     data         000000
__LdataBANK0                                dataBANK0    000000
__LdataCOMRAM                               dataCOMRAM   000000
__Leeprom_data                              eeprom_data  000000
__Lfarbss                                   farbss       000000
__Lfardata                                  fardata      000000
__Lheap                                     heap         000000
__Libigdata                                 ibigdata     000000
__Lidata                                    idata        000000
__LidataBANK0                               idataBANK0   000000
__LidataCOMRAM                              idataCOMRAM  000000
__Lidloc                                    idloc        000000
__Lifardata                                 ifardata     000000
__Linit                                     init         00000E
__Lintcode                                  intcode      000008
__Lintcode_body                             intcode_body 000000
__Lintcodelo                                intcodelo    00000E
__Lintentry                                 intentry     000000
__Lintret                                   intret       000000
__Lintsave_regs                             intsave_regs 000000
__Lirdata                                   irdata       000000
__Lmediumconst                              mediumconst  000000
__LnvFARRAM                                 nvFARRAM     000000
__Lnvbit                                    nvbit        000000
__Lnvrram                                   nvrram       000000
__Lparam                                    rparam       000000
__Lpowerup                                  powerup      00000E
__Lram                                      ram          000000
__Lramtop                                   ramtop       001000
__Lrbit                                     rbit         000000
__Lrbss                                     rbss         000000
__Lrdata                                    rdata        000000
__Lreset_vec                                reset_vec    000000
__Lrparam                                   rparam       000000
__Lsfr                                      sfr          000000
__Lsmallconst                               smallconst   001000
__Lspace_0                                  (abs)        000000
__Lspace_1                                  (abs)        000000
__Lspace_2                                  (abs)        000000
__Lspace_4                                  (abs)        000000
__Lstack                                    stack        000000
__Lstruct                                   struct       000000
__Ltemp                                     temp         00006F
__Ltext                                     text         000000
__Ltext0                                    text0        000000
__Ltext1                                    text1        000000
__Ltext10                                   text10       000000
__Ltext11                                   text11       000000
__Ltext12                                   text12       000000
__Ltext14                                   text14       000000
__Ltext15                                   text15       000000
__Ltext16                                   text16       000000
__Ltext17                                   text17       000000
__Ltext18                                   text18       000000
__Ltext19                                   text19       000000
__Ltext2                                    text2        000000
__Ltext20                                   text20       000000
__Ltext21                                   text21       000000
__Ltext22                                   text22       000000
__Ltext23                                   text23       000000
__Ltext24                                   text24       000000
__Ltext25                                   text25       000000
__Ltext26                                   text26       000000
__Ltext27                                   text27       000000
__Ltext28                                   text28       000000
__Ltext29                                   text29       000000
__Ltext3                                    text3        000000
__Ltext30                                   text30       000000
__Ltext31                                   text31       000000
__Ltext32                                   text32       000000
__Ltext4                                    text4        000000
__Ltext5                                    text5        000000
__Ltext6                                    text6        000000
__Ltext7                                    text7        000000
__Ltext8                                    text8        000000
__Ltext9                                    text9        000000
__S0                                        (abs)        001EF8
__S1                                        (abs)        0000A2
__S4                                        (abs)        000000
__S5                                        (abs)        000000
___heap_hi                                  (abs)        000000
___heap_lo                                  (abs)        000000
___inthi_sp                                 stack        000000
___inthi_stack_hi                           stack        000000
___inthi_stack_lo                           stack        000000
___intlo_sp                                 stack        000000
___intlo_stack_hi                           stack        000000
___intlo_stack_lo                           stack        000000
___param_bank                               (abs)        000000
___rparam_used                              (abs)        000001
___sp                                       stack        000000
___stack_hi                                 stack        000000
___stack_lo                                 stack        000000
__accesstop                                 (abs)        000080
__activetblptr                              (abs)        000003
__end_of_ADC_ISR                            text31       001EF8
__end_of_General_Interrupt_Manager          intcode_body 00136C
__end_of_INT0_ISR                           text30       001EF4
__end_of_INT1_ISR                           text29       001EF0
__end_of_INT2_ISR                           text28       001EEC
__end_of_RB4_ISR                            text27       001EC4
__end_of_RB5_ISR                            text26       001EAA
__end_of_RB6_ISR                            text25       001E90
__end_of_RB7_ISR                            text24       001E76
__end_of_TIMER0_ISR                         text20       001D72
__end_of_TIMER0_Init                        text9        0019E8
__end_of_TIMER1_ISR                         text18       001D3C
__end_of_TIMER1_Init                        text8        0014D8
__end_of_TIMER2_ISR                         text16       001DA4
__end_of_TIMER2_Init                        text7        001962
__end_of_TIMER3_ISR                         text14       001D06
__end_of_TIMER3_Init                        text6        00160C
__end_of__initialization                    cinit        001BF0
__end_of_app_init                           text1        001C96
__end_of_configure_timer0_mode              text12       001A5E
__end_of_configure_timer0_prescaler_value   text11       001C4C
__end_of_configure_timer0_reg_size          text10       001CD0
__end_of_gpio_pin_direction_init            text5        001738
__end_of_gpio_pin_init                      text3        001BA4
__end_of_gpio_pin_toggle                    text23       0018DA
__end_of_gpio_pin_write                     text4        00184E
__end_of_keypad_buttons                     smallconst   001011
__end_of_led_init                           text2        001B40
__end_of_led_toggle                         text22       001AD2
__end_of_main                               text0        001EE8
__end_of_timer0_interrupt_ISR               text21       001E5C
__end_of_timer1_interrupt_ISR               text19       001E38
__end_of_timer2_interrupt_ISR               text17       001E14
__end_of_timer3_interrupt_ISR               text15       001DF0
__initialization                            cinit        001BA4
__mediumconst                               mediumconst  000000
__pbssCOMRAM                                bssCOMRAM    000001
__pcinit                                    cinit        001BA4
__pcstackBANK0                              cstackBANK0  000097
__pcstackCOMRAM                             cstackCOMRAM 00005C
__pdataBANK0                                dataBANK0    000080
__pdataCOMRAM                               dataCOMRAM   000035
__pidataBANK0                               idataBANK0   001EC4
__pidataCOMRAM                              idataCOMRAM  001DA4
__pintcode                                  intcode      000008
__pintcode_body                             intcode_body 001016
__psmallconst                               smallconst   001000
__ptext0                                    text0        001EDC
__ptext1                                    text1        001C4C
__ptext10                                   text10       001C96
__ptext11                                   text11       001BFA
__ptext12                                   text12       0019E8
__ptext14                                   text14       001CD0
__ptext15                                   text15       001DCC
__ptext16                                   text16       001D72
__ptext17                                   text17       001DF0
__ptext18                                   text18       001D06
__ptext19                                   text19       001E14
__ptext2                                    text2        001AD2
__ptext20                                   text20       001D3C
__ptext21                                   text21       001E38
__ptext22                                   text22       001A5E
__ptext23                                   text23       00184E
__ptext24                                   text24       001E5C
__ptext25                                   text25       001E76
__ptext26                                   text26       001E90
__ptext27                                   text27       001EAA
__ptext28                                   text28       001EE8
__ptext29                                   text29       001EEC
__ptext3                                    text3        001B40
__ptext30                                   text30       001EF0
__ptext31                                   text31       001EF4
__ptext32                                   text32       000000
__ptext4                                    text4        001738
__ptext5                                    text5        00160C
__ptext6                                    text6        0014D8
__ptext7                                    text7        0018DA
__ptext8                                    text8        00136C
__ptext9                                    text9        001962
__ramtop                                    ramtop       001000
__smallconst                                smallconst   001000
_app_init                                   text1        001C4C
_configure_timer0_mode                      text12       0019E8
_configure_timer0_prescaler_value           text11       001BFA
_configure_timer0_reg_size                  text10       001C96
_gpio_pin_direction_init                    text5        00160C
_gpio_pin_init                              text3        001B40
_gpio_pin_toggle                            text23       00184E
_gpio_pin_write                             text4        001738
_keypad_buttons                             smallconst   001001
_lat_reg                                    dataCOMRAM   000035
_led_0                                      dataCOMRAM   00005B
_led_1                                      dataCOMRAM   00005A
_led_2                                      dataCOMRAM   000059
_led_3                                      dataCOMRAM   000058
_led_init                                   text2        001AD2
_led_toggle                                 text22       001A5E
_main                                       text0        001EDC
_port_reg                                   dataBANK0    000080
_ret                                        bssCOMRAM    000028
_timer0Preload_val                          bssCOMRAM    00000D
_timer0_interrupt_ISR                       text21       001E38
_timer0_obj                                 dataBANK0    00008A
_timer1Preload_val                          bssCOMRAM    000009
_timer1_interrupt_ISR                       text19       001E14
_timer1_obj                                 dataCOMRAM   00004D
_timer2Preload_val                          bssCOMRAM    000027
_timer2_interrupt_ISR                       text17       001DF0
_timer2_obj                                 dataCOMRAM   000053
_timer3Preload_val                          bssCOMRAM    000003
_timer3_interrupt_ISR                       text15       001DCC
_timer3_obj                                 dataBANK0    000091
_tmr0_tick                                  bssCOMRAM    00002C
_tmr1_tick                                  bssCOMRAM    00002B
_tmr2_tick                                  bssCOMRAM    00002A
_tmr3_tick                                  bssCOMRAM    000029
_tris_reg                                   dataCOMRAM   00003F
btemp                                       temp         00006F
configure_timer0_mode@timer0_obj            cstackCOMRAM 00006C
configure_timer0_prescaler_value@timer0_obj cstackCOMRAM 00006C
configure_timer0_reg_size@timer0_obj        cstackCOMRAM 00006C
end_of_initialization                       cinit        001BF0
gpio_pin_direction_init@pin_confg           cstackCOMRAM 00006C
gpio_pin_direction_init@ret                 cstackCOMRAM 00006D
gpio_pin_init@pin_confg                     cstackBANK0  00009C
gpio_pin_init@ret                           cstackBANK0  00009E
gpio_pin_toggle@pin_confg                   cstackCOMRAM 00005C
gpio_pin_toggle@ret                         cstackCOMRAM 000061
gpio_pin_write@pin_confg                    cstackCOMRAM 00006C
gpio_pin_write@pin_state                    cstackCOMRAM 00006D
gpio_pin_write@ret                          cstackCOMRAM 00006E
int$flags                                   temp         00006F
int_func                                    intcode_body 001016
intlevel0                                   text         000000
intlevel1                                   text         000000
intlevel2                                   text         000000
intlevel3                                   text         000000
isa$std                                     (abs)        000001
isa$xinst                                   (abs)        000000
led_init@F3062                              bssCOMRAM    000034
led_init@led                                cstackBANK0  00009F
led_init@pin_cfg                            cstackBANK0  0000A1
led_off@F3072                               bssCOMRAM    000032
led_on@F3067                                bssCOMRAM    000033
led_toggle@F3077                            bssCOMRAM    000031
led_toggle@led                              cstackCOMRAM 000062
led_toggle@pin_cfg                          cstackCOMRAM 000065
led_toggle@ret                              cstackCOMRAM 000064
relay_init@F3057                            bssCOMRAM    000030
relay_off@F3067                             bssCOMRAM    00002E
relay_on@F3062                              bssCOMRAM    00002F
relay_toggle@F3072                          bssCOMRAM    00002D
stackhi                                     (abs)        000000
stacklo                                     (abs)        000000
start                                       init         00000E
start_initialization                        cinit        001BA4
ttemp5                                      temp         000070
ttemp6                                      temp         000073
ttemp7                                      temp         000077
wtemp8                                      temp         000070


MODULE INFORMATION

Module		Function		Class		Link	Load	Size
MCAL_Layer/Timer/hal_timer2.c
		_TIMER2_ISR    		CODE           	1D72	0000	50
		_TIMER2_Init   		CODE           	18DA	0000	136

MCAL_Layer/Timer/hal_timer2.c estimated size: 186

MCAL_Layer/Timer/hal_timer0.c
		_configure_timer0_prescaler_value		CODE           	1BFA	0000	82
		_configure_timer0_reg_size		CODE           	1C96	0000	58
		_TIMER0_ISR    		CODE           	1D3C	0000	54
		_TIMER0_Init   		CODE           	1962	0000	134
		_configure_timer0_mode		CODE           	19E8	0000	118

MCAL_Layer/Timer/hal_timer0.c estimated size: 446

MCAL_Layer/Timer/hal_timer3.c
		_TIMER3_ISR    		CODE           	1CD0	0000	54
		_TIMER3_Init   		CODE           	14D8	0000	308

MCAL_Layer/Timer/hal_timer3.c estimated size: 362

shared
		__initialization		CODE           	1BA4	0000	76
		_keypad_buttons		SMALLCONST     	1001	0000	16

shared estimated size: 92

MCAL_Layer/Timer/hal_timer1.c
		_TIMER1_ISR    		CODE           	1D06	0000	54
		_TIMER1_Init   		CODE           	136C	0000	364

MCAL_Layer/Timer/hal_timer1.c estimated size: 418

MCAL_Layer/Interrupt/mcal_external_interrupt.c
		_RB4_ISR       		CODE           	1EAA	0000	26
		_RB5_ISR       		CODE           	1E90	0000	26
		_RB6_ISR       		CODE           	1E76	0000	26
		_RB7_ISR       		CODE           	1E5C	0000	26
		_INT0_ISR      		CODE           	1EF0	0000	4
		_INT1_ISR      		CODE           	1EEC	0000	4
		_INT2_ISR      		CODE           	1EE8	0000	4

MCAL_Layer/Interrupt/mcal_external_interrupt.c estimated size: 116

MCAL_Layer/ADC/hal_adc.c
		_ADC_ISR       		CODE           	1EF4	0000	4

MCAL_Layer/ADC/hal_adc.c estimated size: 4

MCAL_Layer/Interrupt/mcal_interrupt_manager.c
		_General_Interrupt_Manager		CODE           	0008	0000	860

MCAL_Layer/Interrupt/mcal_interrupt_manager.c estimated size: 860

MCAL_Layer/GPIO/hal_gpio.c
		_gpio_pin_write		CODE           	1738	0000	278
		_gpio_pin_toggle		CODE           	184E	0000	140
		_gpio_pin_direction_init		CODE           	160C	0000	300
		_gpio_pin_init 		CODE           	1B40	0000	100

MCAL_Layer/GPIO/hal_gpio.c estimated size: 818

ECU_Layer/LED/ecu_led.c
		_led_init      		CODE           	1AD2	0000	110
		_led_toggle    		CODE           	1A5E	0000	116

ECU_Layer/LED/ecu_led.c estimated size: 226

application.c
		_timer1_interrupt_ISR		CODE           	1E14	0000	36
		_main          		CODE           	1EDC	0000	12
		_timer2_interrupt_ISR		CODE           	1DF0	0000	36
		_app_init      		CODE           	1C4C	0000	74
		_timer0_interrupt_ISR		CODE           	1E38	0000	36
		_timer3_interrupt_ISR		CODE           	1DCC	0000	36

application.c estimated size: 230

